###############################################################################
#
# IAR ELF Linker V8.40.1.212/W32 for ARM                  04/Dec/2021  17:47:22
# Copyright 2007-2019 IAR Systems AB.
#
#    Output file  =
#        C:\Users\Apb11\Documents\UW_Workspace\embsys310\assignment07\Debug\Exe\assignment7.out
#    Map file     =
#        C:\Users\Apb11\Documents\UW_Workspace\embsys310\assignment07\Debug\List\assignment7.map
#    Command line =
#        -f C:\Users\Apb11\AppData\Local\Temp\EW4C05.tmp
#        (C:\Users\Apb11\Documents\UW_Workspace\embsys310\assignment07\Debug\Obj\main.o
#        C:\Users\Apb11\Documents\UW_Workspace\embsys310\assignment07\Debug\Obj\startup_stm32l475xx.o
#        --no_out_extension -o
#        C:\Users\Apb11\Documents\UW_Workspace\embsys310\assignment07\Debug\Exe\assignment7.out
#        --redirect _Printf=_PrintfFullNoMb --redirect _Scanf=_ScanfFullNoMb
#        --map
#        C:\Users\Apb11\Documents\UW_Workspace\embsys310\assignment07\Debug\List\assignment7.map
#        --config "C:\Program Files (x86)\IAR Systems\Embedded Workbench
#        8.3\arm\config\linker\ST\stm32l475xG.icf" --semihosting --entry
#        __iar_program_start --vfe --text_out locale)
#
###############################################################################

*******************************************************************************
*** RUNTIME MODEL ATTRIBUTES
***

CppFlavor       = *
__SystemLibrary = DLib
__dlib_version  = 6


*******************************************************************************
*** HEAP SELECTION
***

The basic heap was selected because some modules are built with
size limitations (and not runtime checking), and --advanced_heap
was not specified.


*******************************************************************************
*** PLACEMENT SUMMARY
***

"A0":  place at address 0x800'0000 { ro section .intvec };
"P1":  place in [from 0x0 to 0x0] |
                [from 0x800'0000 to 0x80f'ffff] { ro };
define block CSTACK with size = 8K, alignment = 8 { };
define block PROC_STACK with size = 0, alignment = 8 { };
define block HEAP with size = 8K, alignment = 8 { };
"P3":  place in [from 0x2000'0000 to 0x2001'7fff] {
          rw, block CSTACK, block PROC_STACK, block HEAP };

No sections matched the following patterns:

  ro section application_specific_ro  in "P2|P5"
  rw section application_specific_rw  in "P2|P5"
  section .textrw                     in "P4"


  Section          Kind         Address    Size  Object
  -------          ----         -------    ----  ------
"A0":                                      0x40
  .intvec          const     0x800'0000    0x40  startup_stm32l475xx.o [1]
                           - 0x800'0040    0x40

"P1":                                     0x17a
  .text            ro code   0x800'0040    0x7c  main.o [1]
  .text            ro code   0x800'00bc    0x3a  zero_init3.o [4]
  .text            ro code   0x800'00f8    0x28  data_init.o [4]
  .text            ro code   0x800'0120    0x22  fpinit_M.o [3]
  .iar.init_table  const     0x800'0144    0x10  - Linker created -
  .text            ro code   0x800'0154    0x1e  cmain.o [4]
  .text            ro code   0x800'0172     0x4  low_level_init.o [2]
  .text            ro code   0x800'0176     0x4  exit.o [2]
  .text            ro code   0x800'017c     0xa  cexit.o [4]
  .text            ro code   0x800'0188    0x14  exit.o [5]
  .text            ro code   0x800'019c    0x12  startup_stm32l475xx.o [1]
  .text            ro code   0x800'01ae     0xc  cstartup_M.o [4]
  .rodata          const     0x800'01ba     0x0  zero_init3.o [4]
                           - 0x800'01ba   0x17a

"P3", part 1 of 2:                          0x4
  .bss             zero     0x2000'0000     0x4  main.o [1]
                          - 0x2000'0004     0x4

"P3", part 2 of 2:                       0x2000
  CSTACK                    0x2000'0008  0x2000  <Block>
    CSTACK         uninit   0x2000'0008  0x2000  <Block tail>
                          - 0x2000'2008  0x2000

Unused ranges:

         From           To      Size
         ----           --      ----
          0x0          0x0       0x1
   0x800'01ba   0x80f'ffff  0xf'fe46
  0x2000'0004  0x2000'0007       0x4
  0x2000'2008  0x2001'7fff  0x1'5ff8


*******************************************************************************
*** INIT TABLE
***

          Address      Size
          -------      ----
Zero (__iar_zero_init3)
    1 destination range, total size 0x4:
          0x2000'0000   0x4



*******************************************************************************
*** MODULE SUMMARY
***

    Module                 ro code  ro data  rw data
    ------                 -------  -------  -------
command line/config:
    ------------------------------------------------
    Total:

C:\Users\Apb11\Documents\UW_Workspace\embsys310\assignment07\Debug\Obj: [1]
    main.o                     124                 4
    startup_stm32l475xx.o       18       64
    ------------------------------------------------
    Total:                     142       64        4

dl7M_tln.a: [2]
    exit.o                       4
    low_level_init.o             4
    ------------------------------------------------
    Total:                       8

m7M_tls.a: [3]
    fpinit_M.o                  34
    ------------------------------------------------
    Total:                      34

rt7M_tl.a: [4]
    cexit.o                     10
    cmain.o                     30
    cstartup_M.o                12
    data_init.o                 40
    zero_init3.o                58
    ------------------------------------------------
    Total:                     150

shb_l.a: [5]
    exit.o                      20
    ------------------------------------------------
    Total:                      20

    Gaps                         6        2
    Linker created                       16    8'192
----------------------------------------------------
    Grand Total:               360       82    8'196


*******************************************************************************
*** ENTRY LIST
***

Entry                       Address  Size  Type      Object
-----                       -------  ----  ----      ------
.iar.init_table$$Base    0x800'0144         --   Gb  - Linker created -
.iar.init_table$$Limit   0x800'0154         --   Gb  - Linker created -
?main                    0x800'0155        Code  Gb  cmain.o [4]
BusFault_Handler         0x800'01a9   0x2  Code  Gb  startup_stm32l475xx.o [1]
CSTACK$$Base            0x2000'0008         --   Gb  - Linker created -
CSTACK$$Limit           0x2000'2008         --   Gb  - Linker created -
HardFault_Handler        0x800'019f   0x8  Code  Gb  startup_stm32l475xx.o [1]
MemManage_Handler        0x800'01a7   0x2  Code  Gb  startup_stm32l475xx.o [1]
NMI_Handler              0x800'019d   0x2  Code  Gb  startup_stm32l475xx.o [1]
Region$$Table$$Base      0x800'0144         --   Gb  - Linker created -
Region$$Table$$Limit     0x800'0154         --   Gb  - Linker created -
SysTick_Handler          0x800'009b   0xa  Code  Gb  main.o [1]
SysTick_Initialize       0x800'0085  0x16  Code  Gb  main.o [1]
Unused_Handler           0x800'01ad   0x2  Code  Gb  startup_stm32l475xx.o [1]
UsageFault_Handler       0x800'01ab   0x2  Code  Gb  startup_stm32l475xx.o [1]
__cmain                  0x800'0155        Code  Gb  cmain.o [4]
__exit                   0x800'0189  0x14  Code  Gb  exit.o [5]
__iar_data_init3         0x800'00f9  0x28  Code  Gb  data_init.o [4]
__iar_init_vfp           0x800'0121        Code  Gb  fpinit_M.o [3]
__iar_program_start      0x800'01af        Code  Gb  cstartup_M.o [4]
__iar_zero_init3         0x800'00bd  0x3a  Code  Gb  zero_init3.o [4]
__low_level_init         0x800'0173   0x4  Code  Gb  low_level_init.o [2]
__vector_table           0x800'0000  0x40  Data  Gb  startup_stm32l475xx.o [1]
_call_main               0x800'0161        Code  Gb  cmain.o [4]
_exit                    0x800'017d        Code  Gb  cexit.o [4]
_main                    0x800'016f        Code  Gb  cmain.o [4]
delay                    0x800'0079   0xc  Code  Gb  main.o [1]
exit                     0x800'0177   0x4  Code  Gb  exit.o [2]
g_delay                 0x2000'0000   0x4  Data  Gb  main.o [1]
main                     0x800'0041  0x38  Code  Gb  main.o [1]


[1] = C:\Users\Apb11\Documents\UW_Workspace\embsys310\assignment07\Debug\Obj
[2] = dl7M_tln.a
[3] = m7M_tls.a
[4] = rt7M_tl.a
[5] = shb_l.a

    360 bytes of readonly  code memory
     82 bytes of readonly  data memory
  8'196 bytes of readwrite data memory

Errors: none
Warnings: none
